// Jest Snapshot v1, https://goo.gl/fbAQLP

exports[`Render the missions list in profile page Renders all joined missions correctly into the profile page 1`] = `
<div
  className="missions-list"
>
  <h2>
    Joined missions
  </h2>
  <ul
    className="missions-list__missions"
  />
</div>
`;
